// Vitest Snapshot v1, https://vitest.dev/guide/snapshot.html

exports[`bun catalog fixture > matches the fixture snapshot 1`] = `
{
  "annotatedStdout": "dependencyName  | currentVersion | newVersion                  | source          | catalogName | filePath    
----------------|----------------|-----------------------------|-----------------|-------------|-------------
@types/lodash   | ^4.14.0        | ^4.14.191                   | devDependencies | -           | package.json
lodash          | ^4.13.19       | ^4.17.21                    | dependencies    | -           | package.json
multer          | ^0.1.8         | ^0.1.9                      | dependencies    | -           | package.json
react           | ^18.2.0        | ^18.3.1                     | catalog         | -           | package.json
react           | ^18.2.0        | ^18.3.1                     | catalogs        | react18     | package.json
react-bootstrap | ^0.22.6        | ^0.22.7                     | dependencies    | -           | package.json
react-dom       | ^18.2.0        | ^18.3.1                     | catalog         | -           | package.json
react-dom       | ^18.2.0        | ^18.3.1                     | catalogs        | react18     | package.json
webpack         | ~1.9.10        | ~1.12.0 (5.101.5 available) | dependencies    | -           | package.json",
  "args": [],
  "candidates": [
    {
      "catalogName": null,
      "currentSpecifier": "^4.14.0",
      "filePath": "package.json",
      "name": "@types/lodash",
      "nextSpecifier": "^4.14.191",
      "source": "devDependencies",
      "updateLevel": "patch",
    },
    {
      "catalogName": null,
      "currentSpecifier": "^4.13.19",
      "filePath": "package.json",
      "name": "lodash",
      "nextSpecifier": "^4.17.21",
      "source": "dependencies",
      "updateLevel": "minor",
    },
    {
      "catalogName": null,
      "currentSpecifier": "^0.1.8",
      "filePath": "package.json",
      "name": "multer",
      "nextSpecifier": "^0.1.9",
      "source": "dependencies",
      "updateLevel": "patch",
    },
    {
      "catalogName": null,
      "currentSpecifier": "^18.2.0",
      "filePath": "package.json",
      "name": "react",
      "nextSpecifier": "^18.3.1",
      "source": "catalog",
      "updateLevel": "minor",
    },
    {
      "catalogName": "react18",
      "currentSpecifier": "^18.2.0",
      "filePath": "package.json",
      "name": "react",
      "nextSpecifier": "^18.3.1",
      "source": "catalogs",
      "updateLevel": "minor",
    },
    {
      "catalogName": null,
      "currentSpecifier": "^0.22.6",
      "filePath": "package.json",
      "name": "react-bootstrap",
      "nextSpecifier": "^0.22.7",
      "source": "dependencies",
      "updateLevel": "patch",
    },
    {
      "catalogName": null,
      "currentSpecifier": "^18.2.0",
      "filePath": "package.json",
      "name": "react-dom",
      "nextSpecifier": "^18.3.1",
      "source": "catalog",
      "updateLevel": "minor",
    },
    {
      "catalogName": "react18",
      "currentSpecifier": "^18.2.0",
      "filePath": "package.json",
      "name": "react-dom",
      "nextSpecifier": "^18.3.1",
      "source": "catalogs",
      "updateLevel": "minor",
    },
    {
      "availableMajorVersion": "5.101.5",
      "catalogName": null,
      "currentSpecifier": "~1.9.10",
      "filePath": "package.json",
      "name": "webpack",
      "nextSpecifier": "~1.12.0",
      "source": "dependencies",
      "updateLevel": "minor",
    },
  ],
  "fixtureEntryPath": "/test/fixtures/bun-catalog/package.json",
  "removedLocks": {
    "bun.lockb": true,
    "package-lock.json": true,
    "pnpm-lock.yaml": true,
    "yarn.lock": true,
  },
  "stdout": [
    "dependencyName  | currentVersion | newVersion                  | source          | catalogName
----------------|----------------|-----------------------------|-----------------|------------
@types/lodash   | ^4.14.0        | ^4.14.191                   | devDependencies | -          
lodash          | ^4.13.19       | ^4.17.21                    | dependencies    | -          
multer          | ^0.1.8         | ^0.1.9                      | dependencies    | -          
react           | ^18.2.0        | ^18.3.1                     | catalog         | -          
react           | ^18.2.0        | ^18.3.1                     | catalogs        | react18    
react-bootstrap | ^0.22.6        | ^0.22.7                     | dependencies    | -          
react-dom       | ^18.2.0        | ^18.3.1                     | catalog         | -          
react-dom       | ^18.2.0        | ^18.3.1                     | catalogs        | react18    
webpack         | ~1.9.10        | ~1.12.0 (5.101.5 available) | dependencies    | -          ",
    "Updated 9 dependencies across 1 files.",
    "Removed lock files: <fixtureRoot>/bun.lockb",
  ],
  "trackedFiles": {
    "package.json": "{
    "name": "@repo/bun-monorepo-example",
    "private": true,
    "workspaces": {
        "packages": [
            "packages/*"
        ],
        "catalog": {
            "react": "^18.3.1",
            "react-dom": "^18.3.1"
        },
        "catalogs": {
            "react17": {
                "react": "^17.0.2",
                "react-dom": "^17.0.2"
            },
            "react18": {
                "react": "^18.3.1",
                "react-dom": "^18.3.1"
            }
        }
    },
    "dependencies": {
        "express": "4.12.x",
        "lodash": "^4.17.21",
        "multer": "^0.1.9",
        "react-bootstrap": "^0.22.7",
        "webpack": "~1.12.0"
    },
    "devDependencies": {
        "@types/lodash": "^4.14.191",
        "typescript": "3.5"
    }
}
",
  },
}
`;
