// Vitest Snapshot v1, https://vitest.dev/guide/snapshot.html

exports[`package yml fixture > matches the fixture snapshot 1`] = `
{
  "annotatedStdout": "dependencyName | currentVersion | newVersion | dependencyType       | filePath    
---------------|----------------|------------|----------------------|-------------
@types/lodash  | ^4.14.0        | ^4.14.191  | devDependencies      | package.yaml
lodash         | ^4.13.19       | ^4.17.21   | dependencies         | package.yaml
multer         | ^0.1.8         | ^0.1.9     | optionalDependencies | package.yaml
react          | ^19.1.1        | ^19.2.0    | dependencies         | package.yaml
react-dom      | ^18.2.0        | ^18.3.1    | peerDependencies     | package.yaml
webpack        | ~5.101.3       | ~5.101.5   | devDependencies      | package.yaml",
  "args": [],
  "candidates": [
    {
      "catalogName": null,
      "currentSpecifier": "^4.14.0",
      "dependencyTypes": [
        "devDependencies",
      ],
      "filePath": "package.yaml",
      "name": "@types/lodash",
      "nextSpecifier": "^4.14.191",
      "source": "devDependencies",
      "updateLevel": "patch",
    },
    {
      "catalogName": null,
      "currentSpecifier": "^4.13.19",
      "dependencyTypes": [
        "dependencies",
      ],
      "filePath": "package.yaml",
      "name": "lodash",
      "nextSpecifier": "^4.17.21",
      "source": "dependencies",
      "updateLevel": "minor",
    },
    {
      "catalogName": null,
      "currentSpecifier": "^0.1.8",
      "dependencyTypes": [
        "optionalDependencies",
      ],
      "filePath": "package.yaml",
      "name": "multer",
      "nextSpecifier": "^0.1.9",
      "source": "optionalDependencies",
      "updateLevel": "patch",
    },
    {
      "catalogName": null,
      "currentSpecifier": "^19.1.1",
      "dependencyTypes": [
        "dependencies",
      ],
      "filePath": "package.yaml",
      "name": "react",
      "nextSpecifier": "^19.2.0",
      "source": "dependencies",
      "updateLevel": "minor",
    },
    {
      "catalogName": null,
      "currentSpecifier": "^18.2.0",
      "dependencyTypes": [
        "peerDependencies",
      ],
      "filePath": "package.yaml",
      "name": "react-dom",
      "nextSpecifier": "^18.3.1",
      "source": "peerDependencies",
      "updateLevel": "minor",
    },
    {
      "catalogName": null,
      "currentSpecifier": "~5.101.3",
      "dependencyTypes": [
        "devDependencies",
      ],
      "filePath": "package.yaml",
      "name": "webpack",
      "nextSpecifier": "~5.101.5",
      "source": "devDependencies",
      "updateLevel": "patch",
    },
  ],
  "fixtureEntryPath": "/test/fixtures/package-yaml/package.yaml",
  "removedLocks": {
    "bun.lock": true,
    "bun.lockb": true,
    "package-lock.json": true,
    "pnpm-lock.yaml": true,
    "yarn.lock": true,
  },
  "stdout": [
    "dependencyName | currentVersion | newVersion | dependencyType      
---------------|----------------|------------|---------------------
@types/lodash  | ^4.14.0        | ^4.14.191  | devDependencies     
lodash         | ^4.13.19       | ^4.17.21   | dependencies        
multer         | ^0.1.8         | ^0.1.9     | optionalDependencies
react          | ^19.1.1        | ^19.2.0    | dependencies        
react-dom      | ^18.2.0        | ^18.3.1    | peerDependencies    
webpack        | ~5.101.3       | ~5.101.5   | devDependencies     ",
    "Updated 6 dependencies across 1 files.",
    "No supported lock files found.",
  ],
  "trackedFiles": {
    "package.yaml": "name: '@repo/package-yaml-example'
version: 1.0.0
description: Test package.yaml
private: false
dependencies:
  express: 4.12.x
  lodash: ^4.17.21
  react: ^19.2.0
devDependencies:
  '@types/lodash': ^4.14.191
  typescript: '3.5'
  webpack: ~5.101.5
peerDependencies:
  react-dom: ^18.3.1
optionalDependencies:
  multer: ^0.1.9
packageManager: pnpm@10.19.0
",
  },
}
`;
