// Vitest Snapshot v1, https://vitest.dev/guide/snapshot.html

exports[`pnpm monorepo fixture > matches the fixture snapshot 1`] = `
{
  "annotatedStdout": "dependencyName  | currentVersion | newVersion                  | filePath                 
----------------|----------------|-----------------------------|--------------------------
@types/lodash   | ^4.14.0        | ^4.14.191                   | package.json             
lodash          | ^4.13.19       | ^4.17.21                    | package.json             
lodash          | ^4.13.19       | ^4.17.21                    | packages/bar/package.json
lodash          | ^4.17.10       | ^4.17.21                    | packages/foo/package.json
multer          | ^0.1.8         | ^0.1.9                      | package.json             
react-bootstrap | ^0.22.6        | ^0.22.7                     | package.json             
webpack         | ~1.9.10        | ~1.12.0 (5.101.5 available) | package.json             
webpack         | ~1.9.10        | ~1.12.0 (5.101.5 available) | packages/foo/package.json",
  "args": [],
  "candidates": [
    {
      "catalogName": null,
      "currentSpecifier": "^4.14.0",
      "filePath": "package.json",
      "name": "@types/lodash",
      "nextSpecifier": "^4.14.191",
      "source": "devDependencies",
      "updateLevel": "patch",
    },
    {
      "catalogName": null,
      "currentSpecifier": "^4.13.19",
      "filePath": "package.json",
      "name": "lodash",
      "nextSpecifier": "^4.17.21",
      "source": "dependencies",
      "updateLevel": "minor",
    },
    {
      "catalogName": null,
      "currentSpecifier": "^4.13.19",
      "filePath": "packages/bar/package.json",
      "name": "lodash",
      "nextSpecifier": "^4.17.21",
      "source": "dependencies",
      "updateLevel": "minor",
    },
    {
      "catalogName": null,
      "currentSpecifier": "^4.17.10",
      "filePath": "packages/foo/package.json",
      "name": "lodash",
      "nextSpecifier": "^4.17.21",
      "source": "dependencies",
      "updateLevel": "patch",
    },
    {
      "catalogName": null,
      "currentSpecifier": "^0.1.8",
      "filePath": "package.json",
      "name": "multer",
      "nextSpecifier": "^0.1.9",
      "source": "dependencies",
      "updateLevel": "patch",
    },
    {
      "catalogName": null,
      "currentSpecifier": "^0.22.6",
      "filePath": "package.json",
      "name": "react-bootstrap",
      "nextSpecifier": "^0.22.7",
      "source": "dependencies",
      "updateLevel": "patch",
    },
    {
      "availableMajorVersion": "5.101.5",
      "catalogName": null,
      "currentSpecifier": "~1.9.10",
      "filePath": "package.json",
      "name": "webpack",
      "nextSpecifier": "~1.12.0",
      "source": "dependencies",
      "updateLevel": "minor",
    },
    {
      "availableMajorVersion": "5.101.5",
      "catalogName": null,
      "currentSpecifier": "~1.9.10",
      "filePath": "packages/foo/package.json",
      "name": "webpack",
      "nextSpecifier": "~1.12.0",
      "source": "dependencies",
      "updateLevel": "minor",
    },
  ],
  "fixtureEntryPath": "/test/fixtures/monorepo/package.json",
  "removedLocks": {
    "bun.lock": true,
    "bun.lockb": true,
    "package-lock.json": true,
    "pnpm-lock.yaml": true,
    "yarn.lock": true,
  },
  "stdout": [
    "dependencyName  | currentVersion | newVersion                 
----------------|----------------|----------------------------
@types/lodash   | ^4.14.0        | ^4.14.191                  
lodash          | ^4.13.19       | ^4.17.21                   
lodash          | ^4.13.19       | ^4.17.21                   
lodash          | ^4.17.10       | ^4.17.21                   
multer          | ^0.1.8         | ^0.1.9                     
react-bootstrap | ^0.22.6        | ^0.22.7                    
webpack         | ~1.9.10        | ~1.12.0 (5.101.5 available)
webpack         | ~1.9.10        | ~1.12.0 (5.101.5 available)",
    "Updated 8 dependencies across 3 files.",
    "Removed lock files: <fixtureRoot>/pnpm-lock.yaml",
  ],
  "trackedFiles": {
    "package.json": "{
    "name": "@repo/monorepo-example",
    "private": true,
    "dependencies": {
        "express": "4.12.x",
        "lodash": "^4.17.21",
        "multer": "^0.1.9",
        "react-bootstrap": "^0.22.7",
        "webpack": "~1.12.0"
    },
    "devDependencies": {
        "@types/lodash": "^4.14.191",
        "typescript": "3.5"
    },
    "packages": [
        "packages/*"
    ]
}
",
    "packages/bar/package.json": "{
    "name": "@repo/example-bar",
    "private": true,
    "dependencies": {
        "lodash": "^4.17.21"
    }
}
",
    "packages/foo/package.json": "{
    "name": "@repo/example-foo",
    "private": true,
    "dependencies": {
        "lodash": "^4.17.21",
        "webpack": "~1.12.0"
    }
}
",
  },
}
`;
